// Jest Snapshot v1, https://goo.gl/fbAQLP

exports[`Pruebas en GifExpertApp Debe hacer match con el snapshot 1`] = `
<div>
  <h1>
    NASEMI GIF'S APP
     
    <img
      alt="marca de agua de tenor"
      class="logo-tenor"
      width="100"
    />
  </h1>
  <form
    aria-label="form"
  >
    <input
      id="txt-category"
      name="txt-category"
      placeholder="Buscar Gifs"
      type="text"
      value=""
    />
  </form>
  <h3>
    K-On! anime
  </h3>
  <p>
    Cargando...
  </p>
  <div
    class="card-grid"
  />
  <h3>
    Frieren: Beyond Journey's End
  </h3>
  <p>
    Cargando...
  </p>
  <div
    class="card-grid"
  />
  <h3>
    Kobayashi-san Chi no Maid Dragon
  </h3>
  <p>
    Cargando...
  </p>
  <div
    class="card-grid"
  />
</div>
`;
