// Jest Snapshot v1, https://goo.gl/fbAQLP

exports[`Pruebas en AddCategory Debe hacer match con el snapshot 1`] = `
<div>
  <form
    aria-label="form"
  >
    <input
      id="txt-category"
      name="txt-category"
      placeholder="Buscar Gifs"
      type="text"
      value=""
    />
  </form>
</div>
`;
